Launching lib\main.dart on sdk gphone64 x86 64 in debug mode...
Running Gradle task 'assembleDebug'...                          
C:\flutter\bin\flutter.bat : WARNING: Your app uses the following plugins that apply Kotlin Gradle Plugin (KGP): share_plus
строка:1 знак:1
+ C:\flutter\bin\flutter.bat run 2>&1 | Select-Object -First 100 > erro ...
+ ~~~~~~~~~~~~~~~~~~~~~~~~~~~~~~~~~~~
    + CategoryInfo          : NotSpecified: (WARNING: Your a...GP): share_plus:String) [], RemoteException
    + FullyQualifiedErrorId : NativeCommandError
 
Future versions of Flutter will fail to build if your app uses plugins that apply KGP.

Please check the changelogs of these plugins and upgrade to a version that supports Built-in Kotlin.
If no such version exists, report the issue to the plugin. If necessary, here is a guide on filing 
an issue against a plugin: https://docs.flutter.dev/release/breaking-changes/migrate-to-built-in-kotlin/for-app-developers#report-incompatible-kotlin-gradle-plugin-usage-to-plugin-author
s

If you are a plugin author, please migrate your plugin to Built-in Kotlin using this guide: https://docs.flutter.dev/release/breaking-changes/migrate-to-built-in-kotlin/for-plugin-author
s
lib/main.dart:9:20: Error: Method not found: 'DatabaseHelper'.
  final dbHelper = DatabaseHelper();
                   ^^^^^^^^^^^^^^
lib/main.dart:14:22: Error: Method not found: 'ThemeProvider'.
      create: (_) => ThemeProvider(),
                     ^^^^^^^^^^^^^
lib/theme/theme_provider.dart:1:1: Error: Unable to decode bytes as UTF-8.
я┐╜я┐╜i m p o r t   ' p a c k a g e : f l u t t e r / m a t e r i a l . d a r t ' ; 
 
^
lib/theme/theme_provider.dart:1:2: Error: Unable to decode bytes as UTF-8.
я┐╜я┐╜i m p o r t   ' p a c k a g e : f l u t t e r / m a t e r i a l . d a r t ' ; 
 
 ^
lib/theme/theme_provider.dart:1:4: Error: The control character U+0000 can only be used in strings and comments.
я┐╜я┐╜i m p o r t   ' p a c k a g e : f l u t t e r / m a t e r i a l . d a r t ' ; 
 
   ^
lib/theme/theme_provider.dart:1:6: Error: The control character U+0000 can only be used in strings and comments.
я┐╜я┐╜i m p o r t   ' p a c k a g e : f l u t t e r / m a t e r i a l . d a r t ' ; 
 
     ^
lib/theme/theme_provider.dart:1:8: Error: The control character U+0000 can only be used in strings and comments.
я┐╜я┐╜i m p o r t   ' p a c k a g e : f l u t t e r / m a t e r i a l . d a r t ' ; 
 
       ^
lib/theme/theme_provider.dart:1:10: Error: The control character U+0000 can only be used in strings and comments.
я┐╜я┐╜i m p o r t   ' p a c k a g e : f l u t t e r / m a t e r i a l . d a r t ' ; 
 
         ^
lib/theme/theme_provider.dart:1:12: Error: The control character U+0000 can only be used in strings and comments.
я┐╜я┐╜i m p o r t   ' p a c k a g e : f l u t t e r / m a t e r i a l . d a r t ' ; 
 
           ^
lib/theme/theme_provider.dart:1:14: Error: The control character U+0000 can only be used in strings and comments.
я┐╜я┐╜i m p o r t   ' p a c k a g e : f l u t t e r / m a t e r i a l . d a r t ' ; 
 
             ^
lib/theme/theme_provider.dart:1:16: Error: The control character U+0000 can only be used in strings and comments.
я┐╜я┐╜i m p o r t   ' p a c k a g e : f l u t t e r / m a t e r i a l . d a r t ' ; 
 
               ^
lib/theme/theme_provider.dart:1:78: Error: The control character U+0000 can only be used in strings and comments.
я┐╜я┐╜i m p o r t   ' p a c k a g e : f l u t t e r / m a t e r i a l . d a r t ' ; 
 
                                                                             ^
lib/theme/theme_provider.dart:1:80: Error: The control character U+0000 can only be used in strings and comments.
я┐╜я┐╜i m p o r t   ' p a c k a g e : f l u t t e r / m a t e r i a l . d a r t ' ; 
 
                                                                               ^
lib/theme/theme_provider.dart:1:82: Error: The control character U+0000 can only be used in strings and comments.
я┐╜я┐╜i m p o r t   ' p a c k a g e : f l u t t e r / m a t e r i a l . d a r t ' ; 
 
                                                                                 ^
lib/theme/theme_provider.dart:2:1: Error: The control character U+0000 can only be used in strings and comments.
 
 
^
lib/theme/theme_provider.dart:2:3: Error: The control character U+0000 can only be used in strings and comments.
 
 
  ^
lib/theme/theme_provider.dart:3:1: Error: The control character U+0000 can only be used in strings and comments.
 c l a s s   T h e m e P r o v i d e r   e x t e n d s   C h a n g e N o t i f i e r   { 
 
^
lib/theme/theme_provider.dart:3:3: Error: The control character U+0000 can only be used in strings and comments.
 c l a s s   T h e m e P r o v i d e r   e x t e n d s   C h a n g e N o t i f i e r   { 
 
  ^
lib/theme/theme_provider.dart:3:5: Error: The control character U+0000 can only be used in strings and comments.
 c l a s s   T h e m e P r o v i d e r   e x t e n d s   C h a n g e N o t i f i e r   { 
 
    ^
lib/theme/theme_provider.dart:3:7: Error: The control character U+0000 can only be used in strings and comments.
 c l a s s   T h e m e P r o v i d e r   e x t e n d s   C h a n g e N o t i f i e r   { 
 
      ^
lib/theme/theme_provider.dart:3:9: Error: The control character U+0000 can only be used in strings and comments.
 c l a s s   T h e m e P r o v i d e r   e x t e n d s   C h a n g e N o t i f i e r   { 
 
        ^
lib/theme/theme_provider.dart:3:11: Error: The control character U+0000 can only be used in strings and comments.
 c l a s s   T h e m e P r o v i d e r   e x t e n d s   C h a n g e N o t i f i e r   { 
 
          ^
lib/theme/theme_provider.dart:3:13: Error: The control character U+0000 can only be used in strings and comments.
 c l a s s   T h e m e P r o v i d e r   e x t e n d s   C h a n g e N o t i f i e r   { 
 
            ^
